../Core/Src/main.c:77:5:__io_putchar	16	static
../Core/Src/main.c:82:6:transmit	8	static
../Core/Src/main.c:99:5:main	8	static
../Core/Src/main.c:171:6:SystemClock_Config	88	static
../Core/Src/main.c:215:13:MX_ADC1_Init	24	static
../Core/Src/main.c:262:13:MX_TIM4_Init	64	static
../Core/Src/main.c:329:13:MX_USART1_UART_Init	8	static
../Core/Src/main.c:362:13:MX_GPIO_Init	24	static
../Core/Src/main.c:373:6:HAL_ADC_ConvCpltCallback	16	static
../Core/Src/main.c:384:6:Error_Handler	4	static,ignoring_inline_asm
